{"timestamp":"2026-05-13T09:40:19.384618Z","level":"info","event":"DAG bundles loaded: dags-folder, example_dags","logger":"airflow.dag_processing.bundles.manager.DagBundlesManager","filename":"manager.py","lineno":179}
{"timestamp":"2026-05-13T09:40:19.416827Z","level":"info","event":"Filling up the DagBag from /opt/airflow/dags/annexTE_Peter.py","logger":"airflow.models.dagbag.DagBag","filename":"dagbag.py","lineno":593}
{"timestamp":"2026-05-13T09:40:21.751260Z","level":"info","event":"Task instance is in running state","logger":"task.stdout"}
{"timestamp":"2026-05-13T09:40:21.754067Z","level":"info","event":" Previous state of the Task instance: TaskInstanceState.QUEUED","logger":"task.stdout"}
{"timestamp":"2026-05-13T09:40:21.754878Z","level":"info","event":"Current task name:ingest_data","logger":"task.stdout"}
{"timestamp":"2026-05-13T09:40:21.757899Z","level":"info","event":"Dag name:annex_pipeline","logger":"task.stdout"}
{"timestamp":"2026-05-13T09:40:21.777073Z","level":"info","event":"Tmp dir root location: /tmp","logger":"airflow.task.hooks.airflow.providers.standard.hooks.subprocess.SubprocessHook","filename":"subprocess.py","lineno":78}
{"timestamp":"2026-05-13T09:40:21.933108Z","level":"info","event":"Running command: ['/usr/bin/bash', '-c', 'python /opt/airflow/scripts/ingest.py']","logger":"airflow.task.hooks.airflow.providers.standard.hooks.subprocess.SubprocessHook","filename":"subprocess.py","lineno":80}
{"timestamp":"2026-05-13T09:40:21.980788Z","level":"info","event":"Output:","logger":"airflow.task.hooks.airflow.providers.standard.hooks.subprocess.SubprocessHook","filename":"subprocess.py","lineno":92}
{"timestamp":"2026-05-13T09:44:53.561163Z","level":"info","event":"Checking Credit Data folder:","logger":"airflow.task.hooks.airflow.providers.standard.hooks.subprocess.SubprocessHook","filename":"subprocess.py","lineno":99}
{"timestamp":"2026-05-13T09:44:53.634419Z","level":"info","event":"/opt/airflow/data/raw/Credit Data","logger":"airflow.task.hooks.airflow.providers.standard.hooks.subprocess.SubprocessHook","filename":"subprocess.py","lineno":99}
{"timestamp":"2026-05-13T09:44:53.634686Z","level":"info","event":"Files found:","logger":"airflow.task.hooks.airflow.providers.standard.hooks.subprocess.SubprocessHook","filename":"subprocess.py","lineno":99}
{"timestamp":"2026-05-13T09:44:53.638141Z","level":"info","event":"['/opt/airflow/data/raw/Credit Data/Credit Data - 01-01-2025.csv', '/opt/airflow/data/raw/Credit Data/Credit Data - 30-03-2025.csv', '/opt/airflow/data/raw/Credit Data/Credit Data - 30-06-2025.csv', '/opt/airflow/data/raw/Credit Data/Credit Data - 30-09-2025.csv', '/opt/airflow/data/raw/Credit Data/Credit Data - 30-12-2025.csv']","logger":"airflow.task.hooks.airflow.providers.standard.hooks.subprocess.SubprocessHook","filename":"subprocess.py","lineno":99}
{"timestamp":"2026-05-13T09:44:53.639920Z","level":"info","event":"Reading: /opt/airflow/data/raw/Credit Data/Credit Data - 01-01-2025.csv","logger":"airflow.task.hooks.airflow.providers.standard.hooks.subprocess.SubprocessHook","filename":"subprocess.py","lineno":99}
{"timestamp":"2026-05-13T09:44:53.642599Z","level":"info","event":"Reading: /opt/airflow/data/raw/Credit Data/Credit Data - 30-03-2025.csv","logger":"airflow.task.hooks.airflow.providers.standard.hooks.subprocess.SubprocessHook","filename":"subprocess.py","lineno":99}
{"timestamp":"2026-05-13T09:44:53.642881Z","level":"info","event":"Reading: /opt/airflow/data/raw/Credit Data/Credit Data - 30-06-2025.csv","logger":"airflow.task.hooks.airflow.providers.standard.hooks.subprocess.SubprocessHook","filename":"subprocess.py","lineno":99}
{"timestamp":"2026-05-13T09:44:53.643030Z","level":"info","event":"Reading: /opt/airflow/data/raw/Credit Data/Credit Data - 30-09-2025.csv","logger":"airflow.task.hooks.airflow.providers.standard.hooks.subprocess.SubprocessHook","filename":"subprocess.py","lineno":99}
{"timestamp":"2026-05-13T09:44:53.643081Z","level":"info","event":"Reading: /opt/airflow/data/raw/Credit Data/Credit Data - 30-12-2025.csv","logger":"airflow.task.hooks.airflow.providers.standard.hooks.subprocess.SubprocessHook","filename":"subprocess.py","lineno":99}
{"timestamp":"2026-05-13T09:44:53.643123Z","level":"info","event":"Combined rows: 71456","logger":"airflow.task.hooks.airflow.providers.standard.hooks.subprocess.SubprocessHook","filename":"subprocess.py","lineno":99}
{"timestamp":"2026-05-13T09:44:53.643202Z","level":"info","event":"✅ Credit data combined successfully","logger":"airflow.task.hooks.airflow.providers.standard.hooks.subprocess.SubprocessHook","filename":"subprocess.py","lineno":99}
{"timestamp":"2026-05-13T09:44:53.645366Z","level":"info","event":"Reading Sales file:","logger":"airflow.task.hooks.airflow.providers.standard.hooks.subprocess.SubprocessHook","filename":"subprocess.py","lineno":99}
{"timestamp":"2026-05-13T09:44:53.645624Z","level":"info","event":"/opt/airflow/data/raw/Sales and Customer Data/Sales and Customer Data.xlsx","logger":"airflow.task.hooks.airflow.providers.standard.hooks.subprocess.SubprocessHook","filename":"subprocess.py","lineno":99}
{"timestamp":"2026-05-13T09:44:53.646551Z","level":"info","event":"✅ Sales data ingested","logger":"airflow.task.hooks.airflow.providers.standard.hooks.subprocess.SubprocessHook","filename":"subprocess.py","lineno":99}
{"timestamp":"2026-05-13T09:44:53.646830Z","level":"info","event":"Reading NPS file:","logger":"airflow.task.hooks.airflow.providers.standard.hooks.subprocess.SubprocessHook","filename":"subprocess.py","lineno":99}
{"timestamp":"2026-05-13T09:44:53.646995Z","level":"info","event":"/opt/airflow/data/raw/NPS DATA/NPS Data.xlsx","logger":"airflow.task.hooks.airflow.providers.standard.hooks.subprocess.SubprocessHook","filename":"subprocess.py","lineno":99}
{"timestamp":"2026-05-13T09:44:53.648346Z","level":"info","event":"✅ NPS data ingested","logger":"airflow.task.hooks.airflow.providers.standard.hooks.subprocess.SubprocessHook","filename":"subprocess.py","lineno":99}
{"timestamp":"2026-05-13T09:44:53.651672Z","level":"info","event":"🎉 All ingestion completed successfully","logger":"airflow.task.hooks.airflow.providers.standard.hooks.subprocess.SubprocessHook","filename":"subprocess.py","lineno":99}
{"timestamp":"2026-05-13T09:44:55.422683Z","level":"info","event":"Command exited with return code 0","logger":"airflow.task.hooks.airflow.providers.standard.hooks.subprocess.SubprocessHook","filename":"subprocess.py","lineno":103}
{"timestamp":"2026-05-13T09:44:55.607534Z","level":"info","event":"Pushing xcom","ti":"RuntimeTaskInstance(id=UUID('019e20b5-24b4-7486-9c3d-d9cc38cf8da3'), task_id='ingest_data', dag_id='annex_pipeline', run_id='manual__2026-05-13T09:39:55+00:00', try_number=1, dag_version_id=UUID('019e1aa5-d318-7f70-a55a-d8c542b9c3d5'), map_index=-1, hostname='da3703c1451f', context_carrier={}, task=<Task(BashOperator): ingest_data>, bundle_instance=LocalDagBundle(name=dags-folder), max_tries=0, start_date=datetime.datetime(2026, 5, 13, 9, 40, 17, 695492, tzinfo=datetime.timezone.utc), end_date=None, state=<TaskInstanceState.RUNNING: 'running'>, is_mapped=False, rendered_map_index=None)","logger":"task","filename":"task_runner.py","lineno":1370}
{"timestamp":"2026-05-13T09:44:56.026362Z","level":"info","event":"Task instance in success state","logger":"task.stdout"}
{"timestamp":"2026-05-13T09:44:56.028575Z","level":"info","event":" Previous state of the Task instance: TaskInstanceState.RUNNING","logger":"task.stdout"}
{"timestamp":"2026-05-13T09:44:56.082991Z","level":"info","event":"Task operator:<Task(BashOperator): ingest_data>","logger":"task.stdout"}
