{"timestamp":"2026-05-13T09:45:49.190874Z","level":"info","event":"DAG bundles loaded: dags-folder, example_dags","logger":"airflow.dag_processing.bundles.manager.DagBundlesManager","filename":"manager.py","lineno":179}
{"timestamp":"2026-05-13T09:45:49.193272Z","level":"info","event":"Filling up the DagBag from /opt/airflow/dags/annexTE_Peter.py","logger":"airflow.models.dagbag.DagBag","filename":"dagbag.py","lineno":593}
{"timestamp":"2026-05-13T09:45:49.433681Z","level":"info","event":"Task instance is in running state","logger":"task.stdout"}
{"timestamp":"2026-05-13T09:45:49.434605Z","level":"info","event":" Previous state of the Task instance: TaskInstanceState.QUEUED","logger":"task.stdout"}
{"timestamp":"2026-05-13T09:45:49.436050Z","level":"info","event":"Current task name:feature_engineering","logger":"task.stdout"}
{"timestamp":"2026-05-13T09:45:49.436596Z","level":"info","event":"Dag name:annex_pipeline","logger":"task.stdout"}
{"timestamp":"2026-05-13T09:45:49.437971Z","level":"info","event":"Tmp dir root location: /tmp","logger":"airflow.task.hooks.airflow.providers.standard.hooks.subprocess.SubprocessHook","filename":"subprocess.py","lineno":78}
{"timestamp":"2026-05-13T09:45:49.441603Z","level":"info","event":"Running command: ['/usr/bin/bash', '-c', 'python /opt/airflow/scripts/features.py']","logger":"airflow.task.hooks.airflow.providers.standard.hooks.subprocess.SubprocessHook","filename":"subprocess.py","lineno":80}
{"timestamp":"2026-05-13T09:45:49.443751Z","level":"info","event":"Output:","logger":"airflow.task.hooks.airflow.providers.standard.hooks.subprocess.SubprocessHook","filename":"subprocess.py","lineno":92}
{"timestamp":"2026-05-13T09:45:53.749762Z","level":"info","event":"Traceback (most recent call last):","logger":"airflow.task.hooks.airflow.providers.standard.hooks.subprocess.SubprocessHook","filename":"subprocess.py","lineno":99}
{"timestamp":"2026-05-13T09:45:53.750014Z","level":"info","event":"  File \"/opt/airflow/scripts/features.py\", line 13, in <module>","logger":"airflow.task.hooks.airflow.providers.standard.hooks.subprocess.SubprocessHook","filename":"subprocess.py","lineno":99}
{"timestamp":"2026-05-13T09:45:53.811557Z","level":"info","event":"    credit_df = pd.read_csv(","logger":"airflow.task.hooks.airflow.providers.standard.hooks.subprocess.SubprocessHook","filename":"subprocess.py","lineno":99}
{"timestamp":"2026-05-13T09:45:53.811736Z","level":"info","event":"                ^^^^^^^^^^^^","logger":"airflow.task.hooks.airflow.providers.standard.hooks.subprocess.SubprocessHook","filename":"subprocess.py","lineno":99}
{"timestamp":"2026-05-13T09:45:53.811820Z","level":"info","event":"  File \"/home/airflow/.local/lib/python3.12/site-packages/pandas/io/parsers/readers.py\", line 948, in read_csv","logger":"airflow.task.hooks.airflow.providers.standard.hooks.subprocess.SubprocessHook","filename":"subprocess.py","lineno":99}
{"timestamp":"2026-05-13T09:45:53.815178Z","level":"info","event":"    return _read(filepath_or_buffer, kwds)","logger":"airflow.task.hooks.airflow.providers.standard.hooks.subprocess.SubprocessHook","filename":"subprocess.py","lineno":99}
{"timestamp":"2026-05-13T09:45:53.816230Z","level":"info","event":"           ^^^^^^^^^^^^^^^^^^^^^^^^^^^^^^^","logger":"airflow.task.hooks.airflow.providers.standard.hooks.subprocess.SubprocessHook","filename":"subprocess.py","lineno":99}
{"timestamp":"2026-05-13T09:45:53.816486Z","level":"info","event":"  File \"/home/airflow/.local/lib/python3.12/site-packages/pandas/io/parsers/readers.py\", line 611, in _read","logger":"airflow.task.hooks.airflow.providers.standard.hooks.subprocess.SubprocessHook","filename":"subprocess.py","lineno":99}
{"timestamp":"2026-05-13T09:45:53.817061Z","level":"info","event":"    parser = TextFileReader(filepath_or_buffer, **kwds)","logger":"airflow.task.hooks.airflow.providers.standard.hooks.subprocess.SubprocessHook","filename":"subprocess.py","lineno":99}
{"timestamp":"2026-05-13T09:45:53.817364Z","level":"info","event":"             ^^^^^^^^^^^^^^^^^^^^^^^^^^^^^^^^^^^^^^^^^^","logger":"airflow.task.hooks.airflow.providers.standard.hooks.subprocess.SubprocessHook","filename":"subprocess.py","lineno":99}
{"timestamp":"2026-05-13T09:45:53.817524Z","level":"info","event":"  File \"/home/airflow/.local/lib/python3.12/site-packages/pandas/io/parsers/readers.py\", line 1448, in __init__","logger":"airflow.task.hooks.airflow.providers.standard.hooks.subprocess.SubprocessHook","filename":"subprocess.py","lineno":99}
{"timestamp":"2026-05-13T09:45:53.829650Z","level":"info","event":"    self._engine = self._make_engine(f, self.engine)","logger":"airflow.task.hooks.airflow.providers.standard.hooks.subprocess.SubprocessHook","filename":"subprocess.py","lineno":99}
{"timestamp":"2026-05-13T09:45:53.830115Z","level":"info","event":"                   ^^^^^^^^^^^^^^^^^^^^^^^^^^^^^^^^^","logger":"airflow.task.hooks.airflow.providers.standard.hooks.subprocess.SubprocessHook","filename":"subprocess.py","lineno":99}
{"timestamp":"2026-05-13T09:45:53.830917Z","level":"info","event":"  File \"/home/airflow/.local/lib/python3.12/site-packages/pandas/io/parsers/readers.py\", line 1705, in _make_engine","logger":"airflow.task.hooks.airflow.providers.standard.hooks.subprocess.SubprocessHook","filename":"subprocess.py","lineno":99}
{"timestamp":"2026-05-13T09:45:53.833246Z","level":"info","event":"    self.handles = get_handle(","logger":"airflow.task.hooks.airflow.providers.standard.hooks.subprocess.SubprocessHook","filename":"subprocess.py","lineno":99}
{"timestamp":"2026-05-13T09:45:53.833418Z","level":"info","event":"                   ^^^^^^^^^^^","logger":"airflow.task.hooks.airflow.providers.standard.hooks.subprocess.SubprocessHook","filename":"subprocess.py","lineno":99}
{"timestamp":"2026-05-13T09:45:53.833570Z","level":"info","event":"  File \"/home/airflow/.local/lib/python3.12/site-packages/pandas/io/common.py\", line 863, in get_handle","logger":"airflow.task.hooks.airflow.providers.standard.hooks.subprocess.SubprocessHook","filename":"subprocess.py","lineno":99}
{"timestamp":"2026-05-13T09:45:53.842976Z","level":"info","event":"    handle = open(","logger":"airflow.task.hooks.airflow.providers.standard.hooks.subprocess.SubprocessHook","filename":"subprocess.py","lineno":99}
{"timestamp":"2026-05-13T09:45:53.846594Z","level":"info","event":"             ^^^^^","logger":"airflow.task.hooks.airflow.providers.standard.hooks.subprocess.SubprocessHook","filename":"subprocess.py","lineno":99}
{"timestamp":"2026-05-13T09:45:53.846717Z","level":"info","event":"FileNotFoundError: [Errno 2] No such file or directory: 'data/final/cleaned_credit.csv'","logger":"airflow.task.hooks.airflow.providers.standard.hooks.subprocess.SubprocessHook","filename":"subprocess.py","lineno":99}
{"timestamp":"2026-05-13T09:45:54.057742Z","level":"info","event":"Command exited with return code 1","logger":"airflow.task.hooks.airflow.providers.standard.hooks.subprocess.SubprocessHook","filename":"subprocess.py","lineno":103}
{"timestamp":"2026-05-13T09:45:54.113428Z","level":"error","event":"Task failed with exception","logger":"task","filename":"task_runner.py","lineno":986,"error_detail":[{"exc_type":"AirflowException","exc_value":"Bash command failed. The command returned a non-zero exit code 1.","exc_notes":[],"syntax_error":null,"is_cause":false,"frames":[{"filename":"/home/airflow/.local/lib/python3.12/site-packages/airflow/sdk/execution_time/task_runner.py","lineno":934,"name":"run"},{"filename":"/home/airflow/.local/lib/python3.12/site-packages/airflow/sdk/execution_time/task_runner.py","lineno":1325,"name":"_execute_task"},{"filename":"/home/airflow/.local/lib/python3.12/site-packages/airflow/sdk/bases/operator.py","lineno":417,"name":"wrapper"},{"filename":"/home/airflow/.local/lib/python3.12/site-packages/airflow/providers/standard/operators/bash.py","lineno":224,"name":"execute"}],"is_group":false,"exceptions":[]}]}
{"timestamp":"2026-05-13T09:45:54.186894Z","level":"info","event":"Task instance in failure state","logger":"task.stdout"}
{"timestamp":"2026-05-13T09:45:54.187749Z","level":"info","event":"Task start","logger":"task.stdout"}
{"timestamp":"2026-05-13T09:45:54.188662Z","level":"info","event":"Task:<Task(BashOperator): feature_engineering>","logger":"task.stdout"}
{"timestamp":"2026-05-13T09:45:54.189333Z","level":"info","event":"Failure caused by Bash command failed. The command returned a non-zero exit code 1.","logger":"task.stdout"}
