{"timestamp":"2026-05-13T09:56:37.507083Z","level":"info","event":"DAG bundles loaded: dags-folder, example_dags","logger":"airflow.dag_processing.bundles.manager.DagBundlesManager","filename":"manager.py","lineno":179}
{"timestamp":"2026-05-13T09:56:37.553089Z","level":"info","event":"Filling up the DagBag from /opt/airflow/dags/annexTE_Peter.py","logger":"airflow.models.dagbag.DagBag","filename":"dagbag.py","lineno":593}
{"timestamp":"2026-05-13T09:56:39.243692Z","level":"info","event":"Task instance is in running state","logger":"task.stdout"}
{"timestamp":"2026-05-13T09:56:39.257471Z","level":"info","event":" Previous state of the Task instance: TaskInstanceState.QUEUED","logger":"task.stdout"}
{"timestamp":"2026-05-13T09:56:39.263386Z","level":"info","event":"Current task name:ingest_data","logger":"task.stdout"}
{"timestamp":"2026-05-13T09:56:39.278195Z","level":"info","event":"Dag name:annex_pipeline","logger":"task.stdout"}
{"timestamp":"2026-05-13T09:56:39.298482Z","level":"info","event":"Tmp dir root location: /tmp","logger":"airflow.task.hooks.airflow.providers.standard.hooks.subprocess.SubprocessHook","filename":"subprocess.py","lineno":78}
{"timestamp":"2026-05-13T09:56:39.397699Z","level":"info","event":"Running command: ['/usr/bin/bash', '-c', 'python /opt/airflow/scripts/ingest.py']","logger":"airflow.task.hooks.airflow.providers.standard.hooks.subprocess.SubprocessHook","filename":"subprocess.py","lineno":80}
{"timestamp":"2026-05-13T09:56:39.444716Z","level":"info","event":"Output:","logger":"airflow.task.hooks.airflow.providers.standard.hooks.subprocess.SubprocessHook","filename":"subprocess.py","lineno":92}
{"timestamp":"2026-05-13T10:01:06.040930Z","level":"info","event":"Checking Credit Data folder:","logger":"airflow.task.hooks.airflow.providers.standard.hooks.subprocess.SubprocessHook","filename":"subprocess.py","lineno":99}
{"timestamp":"2026-05-13T10:01:06.102346Z","level":"info","event":"/opt/airflow/data/raw/Credit Data","logger":"airflow.task.hooks.airflow.providers.standard.hooks.subprocess.SubprocessHook","filename":"subprocess.py","lineno":99}
{"timestamp":"2026-05-13T10:01:06.102627Z","level":"info","event":"Files found:","logger":"airflow.task.hooks.airflow.providers.standard.hooks.subprocess.SubprocessHook","filename":"subprocess.py","lineno":99}
{"timestamp":"2026-05-13T10:01:06.105036Z","level":"info","event":"['/opt/airflow/data/raw/Credit Data/Credit Data - 01-01-2025.csv', '/opt/airflow/data/raw/Credit Data/Credit Data - 30-03-2025.csv', '/opt/airflow/data/raw/Credit Data/Credit Data - 30-06-2025.csv', '/opt/airflow/data/raw/Credit Data/Credit Data - 30-09-2025.csv', '/opt/airflow/data/raw/Credit Data/Credit Data - 30-12-2025.csv']","logger":"airflow.task.hooks.airflow.providers.standard.hooks.subprocess.SubprocessHook","filename":"subprocess.py","lineno":99}
{"timestamp":"2026-05-13T10:01:06.106402Z","level":"info","event":"Reading: /opt/airflow/data/raw/Credit Data/Credit Data - 01-01-2025.csv","logger":"airflow.task.hooks.airflow.providers.standard.hooks.subprocess.SubprocessHook","filename":"subprocess.py","lineno":99}
{"timestamp":"2026-05-13T10:01:06.108702Z","level":"info","event":"Reading: /opt/airflow/data/raw/Credit Data/Credit Data - 30-03-2025.csv","logger":"airflow.task.hooks.airflow.providers.standard.hooks.subprocess.SubprocessHook","filename":"subprocess.py","lineno":99}
{"timestamp":"2026-05-13T10:01:06.109567Z","level":"info","event":"Reading: /opt/airflow/data/raw/Credit Data/Credit Data - 30-06-2025.csv","logger":"airflow.task.hooks.airflow.providers.standard.hooks.subprocess.SubprocessHook","filename":"subprocess.py","lineno":99}
{"timestamp":"2026-05-13T10:01:06.109715Z","level":"info","event":"Reading: /opt/airflow/data/raw/Credit Data/Credit Data - 30-09-2025.csv","logger":"airflow.task.hooks.airflow.providers.standard.hooks.subprocess.SubprocessHook","filename":"subprocess.py","lineno":99}
{"timestamp":"2026-05-13T10:01:06.109838Z","level":"info","event":"Reading: /opt/airflow/data/raw/Credit Data/Credit Data - 30-12-2025.csv","logger":"airflow.task.hooks.airflow.providers.standard.hooks.subprocess.SubprocessHook","filename":"subprocess.py","lineno":99}
{"timestamp":"2026-05-13T10:01:06.109923Z","level":"info","event":"Combined rows: 71456","logger":"airflow.task.hooks.airflow.providers.standard.hooks.subprocess.SubprocessHook","filename":"subprocess.py","lineno":99}
{"timestamp":"2026-05-13T10:01:06.109977Z","level":"info","event":"✅ Credit data combined successfully","logger":"airflow.task.hooks.airflow.providers.standard.hooks.subprocess.SubprocessHook","filename":"subprocess.py","lineno":99}
{"timestamp":"2026-05-13T10:01:06.111730Z","level":"info","event":"Reading Sales file:","logger":"airflow.task.hooks.airflow.providers.standard.hooks.subprocess.SubprocessHook","filename":"subprocess.py","lineno":99}
{"timestamp":"2026-05-13T10:01:06.111917Z","level":"info","event":"/opt/airflow/data/raw/Sales and Customer Data/Sales and Customer Data.xlsx","logger":"airflow.task.hooks.airflow.providers.standard.hooks.subprocess.SubprocessHook","filename":"subprocess.py","lineno":99}
{"timestamp":"2026-05-13T10:01:06.112016Z","level":"info","event":"✅ Sales data ingested","logger":"airflow.task.hooks.airflow.providers.standard.hooks.subprocess.SubprocessHook","filename":"subprocess.py","lineno":99}
{"timestamp":"2026-05-13T10:01:06.112100Z","level":"info","event":"Reading NPS file:","logger":"airflow.task.hooks.airflow.providers.standard.hooks.subprocess.SubprocessHook","filename":"subprocess.py","lineno":99}
{"timestamp":"2026-05-13T10:01:06.112238Z","level":"info","event":"/opt/airflow/data/raw/NPS DATA/NPS Data.xlsx","logger":"airflow.task.hooks.airflow.providers.standard.hooks.subprocess.SubprocessHook","filename":"subprocess.py","lineno":99}
{"timestamp":"2026-05-13T10:01:06.112401Z","level":"info","event":"✅ NPS data ingested","logger":"airflow.task.hooks.airflow.providers.standard.hooks.subprocess.SubprocessHook","filename":"subprocess.py","lineno":99}
{"timestamp":"2026-05-13T10:01:06.112520Z","level":"info","event":"🎉 All ingestion completed successfully","logger":"airflow.task.hooks.airflow.providers.standard.hooks.subprocess.SubprocessHook","filename":"subprocess.py","lineno":99}
{"timestamp":"2026-05-13T10:01:10.348412Z","level":"info","event":"Command exited with return code 0","logger":"airflow.task.hooks.airflow.providers.standard.hooks.subprocess.SubprocessHook","filename":"subprocess.py","lineno":103}
{"timestamp":"2026-05-13T10:01:10.936389Z","level":"info","event":"Pushing xcom","ti":"RuntimeTaskInstance(id=UUID('019e20c4-174d-7a32-b80f-69d0acd97cd9'), task_id='ingest_data', dag_id='annex_pipeline', run_id='manual__2026-05-13T09:56:11+00:00', try_number=1, dag_version_id=UUID('019e1aa5-d318-7f70-a55a-d8c542b9c3d5'), map_index=-1, hostname='da3703c1451f', context_carrier={}, task=<Task(BashOperator): ingest_data>, bundle_instance=LocalDagBundle(name=dags-folder), max_tries=0, start_date=datetime.datetime(2026, 5, 13, 9, 56, 36, 12847, tzinfo=datetime.timezone.utc), end_date=None, state=<TaskInstanceState.RUNNING: 'running'>, is_mapped=False, rendered_map_index=None)","logger":"task","filename":"task_runner.py","lineno":1370}
{"timestamp":"2026-05-13T10:01:12.278985Z","level":"info","event":"Task instance in success state","logger":"task.stdout"}
{"timestamp":"2026-05-13T10:01:12.303165Z","level":"info","event":" Previous state of the Task instance: TaskInstanceState.RUNNING","logger":"task.stdout"}
{"timestamp":"2026-05-13T10:01:12.454376Z","level":"info","event":"Task operator:<Task(BashOperator): ingest_data>","logger":"task.stdout"}
