{"timestamp":"2026-05-13T09:17:29.100753Z","level":"info","event":"DAG bundles loaded: dags-folder, example_dags","logger":"airflow.dag_processing.bundles.manager.DagBundlesManager","filename":"manager.py","lineno":179}
{"timestamp":"2026-05-13T09:17:29.130058Z","level":"info","event":"Filling up the DagBag from /opt/airflow/dags/annexTE_Peter.py","logger":"airflow.models.dagbag.DagBag","filename":"dagbag.py","lineno":593}
{"timestamp":"2026-05-13T09:17:29.858721Z","level":"info","event":"Task instance is in running state","logger":"task.stdout"}
{"timestamp":"2026-05-13T09:17:29.860111Z","level":"info","event":" Previous state of the Task instance: TaskInstanceState.QUEUED","logger":"task.stdout"}
{"timestamp":"2026-05-13T09:17:29.865252Z","level":"info","event":"Current task name:ingest_data","logger":"task.stdout"}
{"timestamp":"2026-05-13T09:17:29.875894Z","level":"info","event":"Dag name:annex_pipeline","logger":"task.stdout"}
{"timestamp":"2026-05-13T09:17:29.875982Z","level":"info","event":"Tmp dir root location: /tmp","logger":"airflow.task.hooks.airflow.providers.standard.hooks.subprocess.SubprocessHook","filename":"subprocess.py","lineno":78}
{"timestamp":"2026-05-13T09:17:29.892840Z","level":"info","event":"Running command: ['/usr/bin/bash', '-c', 'python /opt/airflow/scripts/ingest.py']","logger":"airflow.task.hooks.airflow.providers.standard.hooks.subprocess.SubprocessHook","filename":"subprocess.py","lineno":80}
{"timestamp":"2026-05-13T09:17:29.908171Z","level":"info","event":"Output:","logger":"airflow.task.hooks.airflow.providers.standard.hooks.subprocess.SubprocessHook","filename":"subprocess.py","lineno":92}
{"timestamp":"2026-05-13T09:22:05.405434Z","level":"info","event":"Checking Credit Data folder:","logger":"airflow.task.hooks.airflow.providers.standard.hooks.subprocess.SubprocessHook","filename":"subprocess.py","lineno":99}
{"timestamp":"2026-05-13T09:22:05.534679Z","level":"info","event":"/opt/airflow/data/raw/Credit Data","logger":"airflow.task.hooks.airflow.providers.standard.hooks.subprocess.SubprocessHook","filename":"subprocess.py","lineno":99}
{"timestamp":"2026-05-13T09:22:05.535279Z","level":"info","event":"Files found:","logger":"airflow.task.hooks.airflow.providers.standard.hooks.subprocess.SubprocessHook","filename":"subprocess.py","lineno":99}
{"timestamp":"2026-05-13T09:22:05.542249Z","level":"info","event":"['/opt/airflow/data/raw/Credit Data/Credit Data - 01-01-2025.csv', '/opt/airflow/data/raw/Credit Data/Credit Data - 30-03-2025.csv', '/opt/airflow/data/raw/Credit Data/Credit Data - 30-06-2025.csv', '/opt/airflow/data/raw/Credit Data/Credit Data - 30-09-2025.csv', '/opt/airflow/data/raw/Credit Data/Credit Data - 30-12-2025.csv']","logger":"airflow.task.hooks.airflow.providers.standard.hooks.subprocess.SubprocessHook","filename":"subprocess.py","lineno":99}
{"timestamp":"2026-05-13T09:22:05.561857Z","level":"info","event":"Reading: /opt/airflow/data/raw/Credit Data/Credit Data - 01-01-2025.csv","logger":"airflow.task.hooks.airflow.providers.standard.hooks.subprocess.SubprocessHook","filename":"subprocess.py","lineno":99}
{"timestamp":"2026-05-13T09:22:05.563280Z","level":"info","event":"Reading: /opt/airflow/data/raw/Credit Data/Credit Data - 30-03-2025.csv","logger":"airflow.task.hooks.airflow.providers.standard.hooks.subprocess.SubprocessHook","filename":"subprocess.py","lineno":99}
{"timestamp":"2026-05-13T09:22:05.563484Z","level":"info","event":"Reading: /opt/airflow/data/raw/Credit Data/Credit Data - 30-06-2025.csv","logger":"airflow.task.hooks.airflow.providers.standard.hooks.subprocess.SubprocessHook","filename":"subprocess.py","lineno":99}
{"timestamp":"2026-05-13T09:22:05.563595Z","level":"info","event":"Reading: /opt/airflow/data/raw/Credit Data/Credit Data - 30-09-2025.csv","logger":"airflow.task.hooks.airflow.providers.standard.hooks.subprocess.SubprocessHook","filename":"subprocess.py","lineno":99}
{"timestamp":"2026-05-13T09:22:05.563707Z","level":"info","event":"Reading: /opt/airflow/data/raw/Credit Data/Credit Data - 30-12-2025.csv","logger":"airflow.task.hooks.airflow.providers.standard.hooks.subprocess.SubprocessHook","filename":"subprocess.py","lineno":99}
{"timestamp":"2026-05-13T09:22:05.564453Z","level":"info","event":"Combined rows: 71456","logger":"airflow.task.hooks.airflow.providers.standard.hooks.subprocess.SubprocessHook","filename":"subprocess.py","lineno":99}
{"timestamp":"2026-05-13T09:22:05.572769Z","level":"info","event":"✅ Credit data combined successfully","logger":"airflow.task.hooks.airflow.providers.standard.hooks.subprocess.SubprocessHook","filename":"subprocess.py","lineno":99}
{"timestamp":"2026-05-13T09:22:05.577065Z","level":"info","event":"Reading Sales file:","logger":"airflow.task.hooks.airflow.providers.standard.hooks.subprocess.SubprocessHook","filename":"subprocess.py","lineno":99}
{"timestamp":"2026-05-13T09:22:05.577436Z","level":"info","event":"/opt/airflow/data/raw/Sales and Customer Data/Sales and Customer Data.xlsx","logger":"airflow.task.hooks.airflow.providers.standard.hooks.subprocess.SubprocessHook","filename":"subprocess.py","lineno":99}
{"timestamp":"2026-05-13T09:22:05.577619Z","level":"info","event":"✅ Sales data ingested","logger":"airflow.task.hooks.airflow.providers.standard.hooks.subprocess.SubprocessHook","filename":"subprocess.py","lineno":99}
{"timestamp":"2026-05-13T09:22:05.577816Z","level":"info","event":"Reading NPS file:","logger":"airflow.task.hooks.airflow.providers.standard.hooks.subprocess.SubprocessHook","filename":"subprocess.py","lineno":99}
{"timestamp":"2026-05-13T09:22:05.578838Z","level":"info","event":"/opt/airflow/data/raw/NPS DATA/NPS Data.xlsx","logger":"airflow.task.hooks.airflow.providers.standard.hooks.subprocess.SubprocessHook","filename":"subprocess.py","lineno":99}
{"timestamp":"2026-05-13T09:22:05.578947Z","level":"info","event":"✅ NPS data ingested","logger":"airflow.task.hooks.airflow.providers.standard.hooks.subprocess.SubprocessHook","filename":"subprocess.py","lineno":99}
{"timestamp":"2026-05-13T09:22:05.579031Z","level":"info","event":"🎉 All ingestion completed successfully","logger":"airflow.task.hooks.airflow.providers.standard.hooks.subprocess.SubprocessHook","filename":"subprocess.py","lineno":99}
{"timestamp":"2026-05-13T09:22:09.681727Z","level":"info","event":"Command exited with return code 0","logger":"airflow.task.hooks.airflow.providers.standard.hooks.subprocess.SubprocessHook","filename":"subprocess.py","lineno":103}
{"timestamp":"2026-05-13T09:22:09.814668Z","level":"info","event":"Pushing xcom","ti":"RuntimeTaskInstance(id=UUID('019e20a0-26e3-789f-ac86-dc1d99f57c21'), task_id='ingest_data', dag_id='annex_pipeline', run_id='manual__2026-05-13T09:17:02+00:00', try_number=1, dag_version_id=UUID('019e1aa5-d318-7f70-a55a-d8c542b9c3d5'), map_index=-1, hostname='da3703c1451f', context_carrier={}, task=<Task(BashOperator): ingest_data>, bundle_instance=LocalDagBundle(name=dags-folder), max_tries=0, start_date=datetime.datetime(2026, 5, 13, 9, 17, 18, 831380, tzinfo=datetime.timezone.utc), end_date=None, state=<TaskInstanceState.RUNNING: 'running'>, is_mapped=False, rendered_map_index=None)","logger":"task","filename":"task_runner.py","lineno":1370}
{"timestamp":"2026-05-13T09:22:10.579667Z","level":"info","event":"Task instance in success state","logger":"task.stdout"}
{"timestamp":"2026-05-13T09:22:10.596744Z","level":"info","event":" Previous state of the Task instance: TaskInstanceState.RUNNING","logger":"task.stdout"}
{"timestamp":"2026-05-13T09:22:10.664773Z","level":"info","event":"Task operator:<Task(BashOperator): ingest_data>","logger":"task.stdout"}
