{"timestamp":"2026-05-12T06:32:30.812662Z","level":"info","event":"DAG bundles loaded: dags-folder, example_dags","logger":"airflow.dag_processing.bundles.manager.DagBundlesManager","filename":"manager.py","lineno":179}
{"timestamp":"2026-05-12T06:32:30.844683Z","level":"info","event":"Filling up the DagBag from /opt/airflow/dags/annexTE_Peter.py","logger":"airflow.models.dagbag.DagBag","filename":"dagbag.py","lineno":593}
{"timestamp":"2026-05-12T06:32:32.505848Z","level":"warning","event":"The `airflow.operators.bash.BashOperator` attribute is deprecated. Please use `'airflow.providers.standard.operators.bash.BashOperator'`.","category":"DeprecatedImportWarning","filename":"/opt/airflow/dags/annexTE_Peter.py","lineno":2,"logger":"py.warnings"}
{"timestamp":"2026-05-12T06:32:33.120761Z","level":"info","event":"Task instance is in running state","logger":"task.stdout"}
{"timestamp":"2026-05-12T06:32:33.147659Z","level":"info","event":" Previous state of the Task instance: TaskInstanceState.QUEUED","logger":"task.stdout"}
{"timestamp":"2026-05-12T06:32:33.162972Z","level":"info","event":"Current task name:ingest_data","logger":"task.stdout"}
{"timestamp":"2026-05-12T06:32:33.177808Z","level":"info","event":"Dag name:annex_pipeline","logger":"task.stdout"}
{"timestamp":"2026-05-12T06:32:33.155037Z","level":"info","event":"Tmp dir root location: /tmp","logger":"airflow.task.hooks.airflow.providers.standard.hooks.subprocess.SubprocessHook","filename":"subprocess.py","lineno":78}
{"timestamp":"2026-05-12T06:32:33.164729Z","level":"info","event":"Running command: ['/usr/bin/bash', '-c', 'python /opt/airflow/scripts/ingest.py']","logger":"airflow.task.hooks.airflow.providers.standard.hooks.subprocess.SubprocessHook","filename":"subprocess.py","lineno":80}
{"timestamp":"2026-05-12T06:32:33.186384Z","level":"info","event":"Output:","logger":"airflow.task.hooks.airflow.providers.standard.hooks.subprocess.SubprocessHook","filename":"subprocess.py","lineno":92}
{"timestamp":"2026-05-12T06:33:11.058048Z","level":"info","event":"Files found:","logger":"airflow.task.hooks.airflow.providers.standard.hooks.subprocess.SubprocessHook","filename":"subprocess.py","lineno":99}
{"timestamp":"2026-05-12T06:33:11.059517Z","level":"info","event":"[]","logger":"airflow.task.hooks.airflow.providers.standard.hooks.subprocess.SubprocessHook","filename":"subprocess.py","lineno":99}
{"timestamp":"2026-05-12T06:33:11.062274Z","level":"info","event":"Traceback (most recent call last):","logger":"airflow.task.hooks.airflow.providers.standard.hooks.subprocess.SubprocessHook","filename":"subprocess.py","lineno":99}
{"timestamp":"2026-05-12T06:33:11.062579Z","level":"info","event":"  File \"/opt/airflow/scripts/ingest.py\", line 38, in <module>","logger":"airflow.task.hooks.airflow.providers.standard.hooks.subprocess.SubprocessHook","filename":"subprocess.py","lineno":99}
{"timestamp":"2026-05-12T06:33:11.088561Z","level":"info","event":"    credit_df = pd.concat(credit_dfs, ignore_index=True)","logger":"airflow.task.hooks.airflow.providers.standard.hooks.subprocess.SubprocessHook","filename":"subprocess.py","lineno":99}
{"timestamp":"2026-05-12T06:33:11.104428Z","level":"info","event":"                ^^^^^^^^^^^^^^^^^^^^^^^^^^^^^^^^^^^^^^^^","logger":"airflow.task.hooks.airflow.providers.standard.hooks.subprocess.SubprocessHook","filename":"subprocess.py","lineno":99}
{"timestamp":"2026-05-12T06:33:11.105143Z","level":"info","event":"  File \"/home/airflow/.local/lib/python3.12/site-packages/pandas/core/reshape/concat.py\", line 380, in concat","logger":"airflow.task.hooks.airflow.providers.standard.hooks.subprocess.SubprocessHook","filename":"subprocess.py","lineno":99}
{"timestamp":"2026-05-12T06:33:11.117958Z","level":"info","event":"    op = _Concatenator(","logger":"airflow.task.hooks.airflow.providers.standard.hooks.subprocess.SubprocessHook","filename":"subprocess.py","lineno":99}
{"timestamp":"2026-05-12T06:33:11.155430Z","level":"info","event":"         ^^^^^^^^^^^^^^","logger":"airflow.task.hooks.airflow.providers.standard.hooks.subprocess.SubprocessHook","filename":"subprocess.py","lineno":99}
{"timestamp":"2026-05-12T06:33:11.155737Z","level":"info","event":"  File \"/home/airflow/.local/lib/python3.12/site-packages/pandas/core/reshape/concat.py\", line 443, in __init__","logger":"airflow.task.hooks.airflow.providers.standard.hooks.subprocess.SubprocessHook","filename":"subprocess.py","lineno":99}
{"timestamp":"2026-05-12T06:33:11.155925Z","level":"info","event":"    objs, keys = self._clean_keys_and_objs(objs, keys)","logger":"airflow.task.hooks.airflow.providers.standard.hooks.subprocess.SubprocessHook","filename":"subprocess.py","lineno":99}
{"timestamp":"2026-05-12T06:33:11.156159Z","level":"info","event":"                 ^^^^^^^^^^^^^^^^^^^^^^^^^^^^^^^^^^^^^","logger":"airflow.task.hooks.airflow.providers.standard.hooks.subprocess.SubprocessHook","filename":"subprocess.py","lineno":99}
{"timestamp":"2026-05-12T06:33:11.156390Z","level":"info","event":"  File \"/home/airflow/.local/lib/python3.12/site-packages/pandas/core/reshape/concat.py\", line 505, in _clean_keys_and_objs","logger":"airflow.task.hooks.airflow.providers.standard.hooks.subprocess.SubprocessHook","filename":"subprocess.py","lineno":99}
{"timestamp":"2026-05-12T06:33:11.158754Z","level":"info","event":"    raise ValueError(\"No objects to concatenate\")","logger":"airflow.task.hooks.airflow.providers.standard.hooks.subprocess.SubprocessHook","filename":"subprocess.py","lineno":99}
{"timestamp":"2026-05-12T06:33:11.159076Z","level":"info","event":"ValueError: No objects to concatenate","logger":"airflow.task.hooks.airflow.providers.standard.hooks.subprocess.SubprocessHook","filename":"subprocess.py","lineno":99}
{"timestamp":"2026-05-12T06:33:12.062349Z","level":"info","event":"Command exited with return code 1","logger":"airflow.task.hooks.airflow.providers.standard.hooks.subprocess.SubprocessHook","filename":"subprocess.py","lineno":103}
{"timestamp":"2026-05-12T06:33:12.339057Z","level":"error","event":"Task failed with exception","logger":"task","filename":"task_runner.py","lineno":986,"error_detail":[{"exc_type":"AirflowException","exc_value":"Bash command failed. The command returned a non-zero exit code 1.","exc_notes":[],"syntax_error":null,"is_cause":false,"frames":[{"filename":"/home/airflow/.local/lib/python3.12/site-packages/airflow/sdk/execution_time/task_runner.py","lineno":934,"name":"run"},{"filename":"/home/airflow/.local/lib/python3.12/site-packages/airflow/sdk/execution_time/task_runner.py","lineno":1325,"name":"_execute_task"},{"filename":"/home/airflow/.local/lib/python3.12/site-packages/airflow/sdk/bases/operator.py","lineno":417,"name":"wrapper"},{"filename":"/home/airflow/.local/lib/python3.12/site-packages/airflow/providers/standard/operators/bash.py","lineno":224,"name":"execute"}],"is_group":false,"exceptions":[]}]}
{"timestamp":"2026-05-12T06:33:12.420033Z","level":"info","event":"Task instance in failure state","logger":"task.stdout"}
{"timestamp":"2026-05-12T06:33:12.425947Z","level":"info","event":"Task start","logger":"task.stdout"}
{"timestamp":"2026-05-12T06:33:12.433488Z","level":"info","event":"Task:<Task(BashOperator): ingest_data>","logger":"task.stdout"}
{"timestamp":"2026-05-12T06:33:12.439413Z","level":"info","event":"Failure caused by Bash command failed. The command returned a non-zero exit code 1.","logger":"task.stdout"}
