{"timestamp":"2026-05-13T09:22:22.710434Z","level":"info","event":"DAG bundles loaded: dags-folder, example_dags","logger":"airflow.dag_processing.bundles.manager.DagBundlesManager","filename":"manager.py","lineno":179}
{"timestamp":"2026-05-13T09:22:22.797014Z","level":"info","event":"Filling up the DagBag from /opt/airflow/dags/annexTE_Peter.py","logger":"airflow.models.dagbag.DagBag","filename":"dagbag.py","lineno":593}
{"timestamp":"2026-05-13T09:22:24.368000Z","level":"info","event":"Task instance is in running state","logger":"task.stdout"}
{"timestamp":"2026-05-13T09:22:24.440363Z","level":"info","event":" Previous state of the Task instance: TaskInstanceState.QUEUED","logger":"task.stdout"}
{"timestamp":"2026-05-13T09:22:24.441628Z","level":"info","event":"Current task name:clean_data","logger":"task.stdout"}
{"timestamp":"2026-05-13T09:22:24.442560Z","level":"info","event":"Dag name:annex_pipeline","logger":"task.stdout"}
{"timestamp":"2026-05-13T09:22:24.473136Z","level":"info","event":"Tmp dir root location: /tmp","logger":"airflow.task.hooks.airflow.providers.standard.hooks.subprocess.SubprocessHook","filename":"subprocess.py","lineno":78}
{"timestamp":"2026-05-13T09:22:24.573446Z","level":"info","event":"Running command: ['/usr/bin/bash', '-c', 'python /opt/airflow/scripts/clean.py']","logger":"airflow.task.hooks.airflow.providers.standard.hooks.subprocess.SubprocessHook","filename":"subprocess.py","lineno":80}
{"timestamp":"2026-05-13T09:22:24.616960Z","level":"info","event":"Output:","logger":"airflow.task.hooks.airflow.providers.standard.hooks.subprocess.SubprocessHook","filename":"subprocess.py","lineno":92}
{"timestamp":"2026-05-13T09:22:32.052068Z","level":"info","event":"Traceback (most recent call last):","logger":"airflow.task.hooks.airflow.providers.standard.hooks.subprocess.SubprocessHook","filename":"subprocess.py","lineno":99}
{"timestamp":"2026-05-13T09:22:32.052377Z","level":"info","event":"  File \"/opt/airflow/scripts/clean.py\", line 4, in <module>","logger":"airflow.task.hooks.airflow.providers.standard.hooks.subprocess.SubprocessHook","filename":"subprocess.py","lineno":99}
{"timestamp":"2026-05-13T09:22:32.060135Z","level":"info","event":"    credit_df = pd.read_csv(","logger":"airflow.task.hooks.airflow.providers.standard.hooks.subprocess.SubprocessHook","filename":"subprocess.py","lineno":99}
{"timestamp":"2026-05-13T09:22:32.060416Z","level":"info","event":"                ^^^^^^^^^^^^","logger":"airflow.task.hooks.airflow.providers.standard.hooks.subprocess.SubprocessHook","filename":"subprocess.py","lineno":99}
{"timestamp":"2026-05-13T09:22:32.060549Z","level":"info","event":"  File \"/home/airflow/.local/lib/python3.12/site-packages/pandas/io/parsers/readers.py\", line 948, in read_csv","logger":"airflow.task.hooks.airflow.providers.standard.hooks.subprocess.SubprocessHook","filename":"subprocess.py","lineno":99}
{"timestamp":"2026-05-13T09:22:32.066319Z","level":"info","event":"    return _read(filepath_or_buffer, kwds)","logger":"airflow.task.hooks.airflow.providers.standard.hooks.subprocess.SubprocessHook","filename":"subprocess.py","lineno":99}
{"timestamp":"2026-05-13T09:22:32.066554Z","level":"info","event":"           ^^^^^^^^^^^^^^^^^^^^^^^^^^^^^^^","logger":"airflow.task.hooks.airflow.providers.standard.hooks.subprocess.SubprocessHook","filename":"subprocess.py","lineno":99}
{"timestamp":"2026-05-13T09:22:32.066671Z","level":"info","event":"  File \"/home/airflow/.local/lib/python3.12/site-packages/pandas/io/parsers/readers.py\", line 611, in _read","logger":"airflow.task.hooks.airflow.providers.standard.hooks.subprocess.SubprocessHook","filename":"subprocess.py","lineno":99}
{"timestamp":"2026-05-13T09:22:32.067693Z","level":"info","event":"    parser = TextFileReader(filepath_or_buffer, **kwds)","logger":"airflow.task.hooks.airflow.providers.standard.hooks.subprocess.SubprocessHook","filename":"subprocess.py","lineno":99}
{"timestamp":"2026-05-13T09:22:32.067902Z","level":"info","event":"             ^^^^^^^^^^^^^^^^^^^^^^^^^^^^^^^^^^^^^^^^^^","logger":"airflow.task.hooks.airflow.providers.standard.hooks.subprocess.SubprocessHook","filename":"subprocess.py","lineno":99}
{"timestamp":"2026-05-13T09:22:32.068021Z","level":"info","event":"  File \"/home/airflow/.local/lib/python3.12/site-packages/pandas/io/parsers/readers.py\", line 1448, in __init__","logger":"airflow.task.hooks.airflow.providers.standard.hooks.subprocess.SubprocessHook","filename":"subprocess.py","lineno":99}
{"timestamp":"2026-05-13T09:22:32.068852Z","level":"info","event":"    self._engine = self._make_engine(f, self.engine)","logger":"airflow.task.hooks.airflow.providers.standard.hooks.subprocess.SubprocessHook","filename":"subprocess.py","lineno":99}
{"timestamp":"2026-05-13T09:22:32.069076Z","level":"info","event":"                   ^^^^^^^^^^^^^^^^^^^^^^^^^^^^^^^^^","logger":"airflow.task.hooks.airflow.providers.standard.hooks.subprocess.SubprocessHook","filename":"subprocess.py","lineno":99}
{"timestamp":"2026-05-13T09:22:32.069180Z","level":"info","event":"  File \"/home/airflow/.local/lib/python3.12/site-packages/pandas/io/parsers/readers.py\", line 1705, in _make_engine","logger":"airflow.task.hooks.airflow.providers.standard.hooks.subprocess.SubprocessHook","filename":"subprocess.py","lineno":99}
{"timestamp":"2026-05-13T09:22:32.070146Z","level":"info","event":"    self.handles = get_handle(","logger":"airflow.task.hooks.airflow.providers.standard.hooks.subprocess.SubprocessHook","filename":"subprocess.py","lineno":99}
{"timestamp":"2026-05-13T09:22:32.070558Z","level":"info","event":"                   ^^^^^^^^^^^","logger":"airflow.task.hooks.airflow.providers.standard.hooks.subprocess.SubprocessHook","filename":"subprocess.py","lineno":99}
{"timestamp":"2026-05-13T09:22:32.070759Z","level":"info","event":"  File \"/home/airflow/.local/lib/python3.12/site-packages/pandas/io/common.py\", line 863, in get_handle","logger":"airflow.task.hooks.airflow.providers.standard.hooks.subprocess.SubprocessHook","filename":"subprocess.py","lineno":99}
{"timestamp":"2026-05-13T09:22:32.074026Z","level":"info","event":"    handle = open(","logger":"airflow.task.hooks.airflow.providers.standard.hooks.subprocess.SubprocessHook","filename":"subprocess.py","lineno":99}
{"timestamp":"2026-05-13T09:22:32.074767Z","level":"info","event":"             ^^^^^","logger":"airflow.task.hooks.airflow.providers.standard.hooks.subprocess.SubprocessHook","filename":"subprocess.py","lineno":99}
{"timestamp":"2026-05-13T09:22:32.075042Z","level":"info","event":"FileNotFoundError: [Errno 2] No such file or directory: 'data/processed/credit_combined.csv'","logger":"airflow.task.hooks.airflow.providers.standard.hooks.subprocess.SubprocessHook","filename":"subprocess.py","lineno":99}
{"timestamp":"2026-05-13T09:22:32.330126Z","level":"info","event":"Command exited with return code 1","logger":"airflow.task.hooks.airflow.providers.standard.hooks.subprocess.SubprocessHook","filename":"subprocess.py","lineno":103}
{"timestamp":"2026-05-13T09:22:32.338540Z","level":"error","event":"Task failed with exception","logger":"task","filename":"task_runner.py","lineno":986,"error_detail":[{"exc_type":"AirflowException","exc_value":"Bash command failed. The command returned a non-zero exit code 1.","exc_notes":[],"syntax_error":null,"is_cause":false,"frames":[{"filename":"/home/airflow/.local/lib/python3.12/site-packages/airflow/sdk/execution_time/task_runner.py","lineno":934,"name":"run"},{"filename":"/home/airflow/.local/lib/python3.12/site-packages/airflow/sdk/execution_time/task_runner.py","lineno":1325,"name":"_execute_task"},{"filename":"/home/airflow/.local/lib/python3.12/site-packages/airflow/sdk/bases/operator.py","lineno":417,"name":"wrapper"},{"filename":"/home/airflow/.local/lib/python3.12/site-packages/airflow/providers/standard/operators/bash.py","lineno":224,"name":"execute"}],"is_group":false,"exceptions":[]}]}
{"timestamp":"2026-05-13T09:22:32.348969Z","level":"info","event":"Task instance in failure state","logger":"task.stdout"}
{"timestamp":"2026-05-13T09:22:32.349689Z","level":"info","event":"Task start","logger":"task.stdout"}
{"timestamp":"2026-05-13T09:22:32.350199Z","level":"info","event":"Task:<Task(BashOperator): clean_data>","logger":"task.stdout"}
{"timestamp":"2026-05-13T09:22:32.350796Z","level":"info","event":"Failure caused by Bash command failed. The command returned a non-zero exit code 1.","logger":"task.stdout"}
