{"timestamp":"2026-05-13T10:02:35.371025Z","level":"info","event":"DAG bundles loaded: dags-folder, example_dags","logger":"airflow.dag_processing.bundles.manager.DagBundlesManager","filename":"manager.py","lineno":179}
{"timestamp":"2026-05-13T10:02:35.378521Z","level":"info","event":"Filling up the DagBag from /opt/airflow/dags/annexTE_Peter.py","logger":"airflow.models.dagbag.DagBag","filename":"dagbag.py","lineno":593}
{"timestamp":"2026-05-13T10:02:35.877410Z","level":"info","event":"Task instance is in running state","logger":"task.stdout"}
{"timestamp":"2026-05-13T10:02:35.879316Z","level":"info","event":" Previous state of the Task instance: TaskInstanceState.QUEUED","logger":"task.stdout"}
{"timestamp":"2026-05-13T10:02:35.881171Z","level":"info","event":"Current task name:feature_engineering","logger":"task.stdout"}
{"timestamp":"2026-05-13T10:02:35.884691Z","level":"info","event":"Dag name:annex_pipeline","logger":"task.stdout"}
{"timestamp":"2026-05-13T10:02:35.886724Z","level":"info","event":"Tmp dir root location: /tmp","logger":"airflow.task.hooks.airflow.providers.standard.hooks.subprocess.SubprocessHook","filename":"subprocess.py","lineno":78}
{"timestamp":"2026-05-13T10:02:35.902696Z","level":"info","event":"Running command: ['/usr/bin/bash', '-c', 'python /opt/airflow/scripts/features.py']","logger":"airflow.task.hooks.airflow.providers.standard.hooks.subprocess.SubprocessHook","filename":"subprocess.py","lineno":80}
{"timestamp":"2026-05-13T10:02:35.911972Z","level":"info","event":"Output:","logger":"airflow.task.hooks.airflow.providers.standard.hooks.subprocess.SubprocessHook","filename":"subprocess.py","lineno":92}
{"timestamp":"2026-05-13T10:03:05.252106Z","level":"info","event":"BASE_DIR:","logger":"airflow.task.hooks.airflow.providers.standard.hooks.subprocess.SubprocessHook","filename":"subprocess.py","lineno":99}
{"timestamp":"2026-05-13T10:03:05.254539Z","level":"info","event":"/opt/airflow","logger":"airflow.task.hooks.airflow.providers.standard.hooks.subprocess.SubprocessHook","filename":"subprocess.py","lineno":99}
{"timestamp":"2026-05-13T10:03:05.256409Z","level":"info","event":"🚀 Starting feature engineering...","logger":"airflow.task.hooks.airflow.providers.standard.hooks.subprocess.SubprocessHook","filename":"subprocess.py","lineno":99}
{"timestamp":"2026-05-13T10:03:05.256882Z","level":"info","event":"Loading cleaned datasets...","logger":"airflow.task.hooks.airflow.providers.standard.hooks.subprocess.SubprocessHook","filename":"subprocess.py","lineno":99}
{"timestamp":"2026-05-13T10:03:05.261118Z","level":"info","event":"✅ Clean datasets loaded","logger":"airflow.task.hooks.airflow.providers.standard.hooks.subprocess.SubprocessHook","filename":"subprocess.py","lineno":99}
{"timestamp":"2026-05-13T10:03:05.261376Z","level":"info","event":"✅ PAYMENT_RATIO created","logger":"airflow.task.hooks.airflow.providers.standard.hooks.subprocess.SubprocessHook","filename":"subprocess.py","lineno":99}
{"timestamp":"2026-05-13T10:03:05.261494Z","level":"info","event":"✅ RISK_CATEGORY created","logger":"airflow.task.hooks.airflow.providers.standard.hooks.subprocess.SubprocessHook","filename":"subprocess.py","lineno":99}
{"timestamp":"2026-05-13T10:03:05.261588Z","level":"info","event":"✅ AGE_BAND created","logger":"airflow.task.hooks.airflow.providers.standard.hooks.subprocess.SubprocessHook","filename":"subprocess.py","lineno":99}
{"timestamp":"2026-05-13T10:03:05.261695Z","level":"info","event":"Merging sales data...","logger":"airflow.task.hooks.airflow.providers.standard.hooks.subprocess.SubprocessHook","filename":"subprocess.py","lineno":99}
{"timestamp":"2026-05-13T10:03:05.261780Z","level":"info","event":"✅ Sales data merged","logger":"airflow.task.hooks.airflow.providers.standard.hooks.subprocess.SubprocessHook","filename":"subprocess.py","lineno":99}
{"timestamp":"2026-05-13T10:03:05.261866Z","level":"info","event":"Merging NPS data...","logger":"airflow.task.hooks.airflow.providers.standard.hooks.subprocess.SubprocessHook","filename":"subprocess.py","lineno":99}
{"timestamp":"2026-05-13T10:03:05.261970Z","level":"info","event":"✅ NPS data merged","logger":"airflow.task.hooks.airflow.providers.standard.hooks.subprocess.SubprocessHook","filename":"subprocess.py","lineno":99}
{"timestamp":"2026-05-13T10:03:05.262042Z","level":"info","event":"✅ Featured dataset saved","logger":"airflow.task.hooks.airflow.providers.standard.hooks.subprocess.SubprocessHook","filename":"subprocess.py","lineno":99}
{"timestamp":"2026-05-13T10:03:05.262177Z","level":"info","event":"🎉 Feature engineering complete","logger":"airflow.task.hooks.airflow.providers.standard.hooks.subprocess.SubprocessHook","filename":"subprocess.py","lineno":99}
{"timestamp":"2026-05-13T10:03:05.790434Z","level":"info","event":"Command exited with return code 0","logger":"airflow.task.hooks.airflow.providers.standard.hooks.subprocess.SubprocessHook","filename":"subprocess.py","lineno":103}
{"timestamp":"2026-05-13T10:03:05.817882Z","level":"info","event":"Pushing xcom","ti":"RuntimeTaskInstance(id=UUID('019e20c4-174f-7444-9862-be7efbc5a586'), task_id='feature_engineering', dag_id='annex_pipeline', run_id='manual__2026-05-13T09:56:11+00:00', try_number=1, dag_version_id=UUID('019e1aa5-d318-7f70-a55a-d8c542b9c3d5'), map_index=-1, hostname='da3703c1451f', context_carrier={}, task=<Task(BashOperator): feature_engineering>, bundle_instance=LocalDagBundle(name=dags-folder), max_tries=0, start_date=datetime.datetime(2026, 5, 13, 10, 2, 34, 976827, tzinfo=datetime.timezone.utc), end_date=None, state=<TaskInstanceState.RUNNING: 'running'>, is_mapped=False, rendered_map_index=None)","logger":"task","filename":"task_runner.py","lineno":1370}
{"timestamp":"2026-05-13T10:03:06.195598Z","level":"info","event":"Task instance in success state","logger":"task.stdout"}
{"timestamp":"2026-05-13T10:03:06.197038Z","level":"info","event":" Previous state of the Task instance: TaskInstanceState.RUNNING","logger":"task.stdout"}
{"timestamp":"2026-05-13T10:03:06.197959Z","level":"info","event":"Task operator:<Task(BashOperator): feature_engineering>","logger":"task.stdout"}
